interactions:
- request:
    body: null
    headers:
      Accept:
      - '*/*'
      Accept-Encoding:
      - gzip, deflate
      Connection:
      - keep-alive
      User-Agent:
      - azsdk-python-identity/1.4.0b5 Python/3.7.6 (Windows-10-10.0.18362-SP0) yulocal
    method: GET
    uri: https://login.microsoftonline.com/54826b22-38d6-4fb2-bad9-b7b93a3e9c5a/v2.0/.well-known/openid-configuration
  response:
    body:
      string: '{"token_endpoint":"https://login.microsoftonline.com/54826b22-38d6-4fb2-bad9-b7b93a3e9c5a/oauth2/v2.0/token","token_endpoint_auth_methods_supported":["client_secret_post","private_key_jwt","client_secret_basic"],"jwks_uri":"https://login.microsoftonline.com/54826b22-38d6-4fb2-bad9-b7b93a3e9c5a/discovery/v2.0/keys","response_modes_supported":["query","fragment","form_post"],"subject_types_supported":["pairwise"],"id_token_signing_alg_values_supported":["RS256"],"response_types_supported":["code","id_token","code
        id_token","id_token token"],"scopes_supported":["openid","profile","email","offline_access"],"issuer":"https://login.microsoftonline.com/54826b22-38d6-4fb2-bad9-b7b93a3e9c5a/v2.0","request_uri_parameter_supported":false,"userinfo_endpoint":"https://graph.microsoft.com/oidc/userinfo","authorization_endpoint":"https://login.microsoftonline.com/54826b22-38d6-4fb2-bad9-b7b93a3e9c5a/oauth2/v2.0/authorize","http_logout_supported":true,"frontchannel_logout_supported":true,"end_session_endpoint":"https://login.microsoftonline.com/54826b22-38d6-4fb2-bad9-b7b93a3e9c5a/oauth2/v2.0/logout","claims_supported":["sub","iss","cloud_instance_name","cloud_instance_host_name","cloud_graph_host_name","msgraph_host","aud","exp","iat","auth_time","acr","nonce","preferred_username","name","tid","ver","at_hash","c_hash","email"],"tenant_region_scope":"NA","cloud_instance_name":"microsoftonline.com","cloud_graph_host_name":"graph.windows.net","msgraph_host":"graph.microsoft.com","rbac_url":"https://pas.windows.net"}'
    headers:
      access-control-allow-methods:
      - GET, OPTIONS
      access-control-allow-origin:
      - '*'
      cache-control:
      - private, max-age=86400
      content-length:
      - '1523'
      content-type:
      - application/json; charset=utf-8
      date:
      - Mon, 06 Jul 2020 05:51:17 GMT
      p3p:
      - CP="DSP CUR OTPi IND OTRi ONL FIN"
      set-cookie:
      - fpc=AnlDNb-GiGlEht21MvsTt00; expires=Wed, 05-Aug-2020 05:51:17 GMT; path=/;
        secure; HttpOnly; SameSite=None
      - esctx=AQABAAAAAAAGV_bv21oQQ4ROqh0_1-tAZyFI9a-NJ_6jgiRNM8qMB3I11ecGCl_-5eMAaExRE9Xg-Ng0tkHYjB7KJ9rKlZypQywlLoe5O7USIyELJRK9w1l1pSl4oYsUUvHJe6NkOphf2XNycf4VkBWuckHnen885c5R4GBka6V53MSaGqI5ijEXHm2OXWYMOfIR5WK4j1IgAA;
        domain=.login.microsoftonline.com; path=/; secure; HttpOnly; SameSite=None
      - x-ms-gateway-slice=corp; path=/; SameSite=None; secure; HttpOnly
      - stsservicecookie=estscorp; path=/; SameSite=None; secure; HttpOnly
      strict-transport-security:
      - max-age=31536000; includeSubDomains
      x-content-type-options:
      - nosniff
      x-ms-ests-server:
      - 2.1.10821.11 - SIN1 ProdSlices
    status:
      code: 200
      message: OK
- request:
    body: null
    headers:
      Accept:
      - application/json
      Accept-Encoding:
      - gzip, deflate
      CommandName:
      - storage account keys list
      Connection:
      - keep-alive
      Content-Length:
      - '0'
      ParameterSetName:
      - -n -g --query -o
      User-Agent:
      - AZURECLI/2.8.10 azsdk-python-azure-mgmt-storage/16.0.0b2 Python/3.7.6 (Windows-10-10.0.18362-SP0)
        yulocal
    method: POST
    uri: https://management.azure.com/subscriptions/00000000-0000-0000-0000-000000000000/resourceGroups/clitest.rg000001/providers/Microsoft.Storage/storageAccounts/clitest000002/listKeys?api-version=2016-01-01
  response:
    body:
      string: '{"keys":[{"keyName":"key1","value":"veryFakedStorageAccountKey==","permissions":"FULL"},{"keyName":"key2","value":"veryFakedStorageAccountKey==","permissions":"FULL"}]}'
    headers:
      cache-control:
      - no-cache
      content-length:
      - '288'
      content-type:
      - application/json
      date:
      - Mon, 06 Jul 2020 05:51:18 GMT
      expires:
      - '-1'
      pragma:
      - no-cache
      server:
      - Microsoft-Azure-Storage-Resource-Provider/1.0,Microsoft-HTTPAPI/2.0 Microsoft-HTTPAPI/2.0
      strict-transport-security:
      - max-age=31536000; includeSubDomains
      transfer-encoding:
      - chunked
      vary:
      - Accept-Encoding
      x-content-type-options:
      - nosniff
      x-ms-ratelimit-remaining-subscription-resource-requests:
      - '11992'
    status:
      code: 200
      message: OK
- request:
    body: null
    headers:
      Connection:
      - keep-alive
      Content-Length:
      - '0'
      User-Agent:
      - Azure-Storage/0.37.1-0.37.1 (Python CPython 3.7.6; Windows 10) AZURECLI/2.8.10
      x-ms-date:
      - Mon, 06 Jul 2020 05:51:19 GMT
      x-ms-version:
      - '2017-04-17'
    method: PUT
    uri: https://clitest000002.blob.core.windows.net/cont000004?restype=container
  response:
    body:
      string: ''
    headers:
      content-length:
      - '0'
      date:
      - Mon, 06 Jul 2020 05:51:23 GMT
      etag:
      - '"0x8D821709DB1A985"'
      last-modified:
      - Mon, 06 Jul 2020 05:51:23 GMT
      server:
      - Windows-Azure-Blob/1.0 Microsoft-HTTPAPI/2.0
      x-ms-version:
      - '2017-04-17'
    status:
      code: 201
      message: Created
- request:
    body: null
    headers:
      Connection:
      - keep-alive
      User-Agent:
      - Azure-Storage/0.37.1-0.37.1 (Python CPython 3.7.6; Windows 10) AZURECLI/2.8.10
      x-ms-date:
      - Mon, 06 Jul 2020 05:51:24 GMT
      x-ms-version:
      - '2017-04-17'
    method: HEAD
    uri: https://clitest000002.blob.core.windows.net/cont000004/blob000003
  response:
    body:
      string: ''
    headers:
      date:
      - Mon, 06 Jul 2020 05:51:25 GMT
      server:
      - Windows-Azure-Blob/1.0 Microsoft-HTTPAPI/2.0
      transfer-encoding:
      - chunked
      x-ms-version:
      - '2017-04-17'
    status:
      code: 404
      message: The specified blob does not exist.
- request:
    body: '!!! The request body has been omitted from the recording because its size
      4194304 is larger than 128KB. !!!'
    headers:
      Connection:
      - keep-alive
      Content-Length:
      - '4194304'
      User-Agent:
      - Azure-Storage/0.37.1-0.37.1 (Python CPython 3.7.6; Windows 10) AZURECLI/2.8.10
      x-ms-blob-type:
      - BlockBlob
      x-ms-date:
      - Mon, 06 Jul 2020 05:51:26 GMT
      x-ms-version:
      - '2017-04-17'
    method: PUT
    uri: https://clitest000002.blob.core.windows.net/cont000004/blob000003
  response:
    body:
      string: ''
    headers:
      content-length:
      - '0'
      content-md5:
      - tc+p1sj+vWGPkawoQ9UKHA==
      date:
      - Mon, 06 Jul 2020 05:51:32 GMT
      etag:
      - '"0x8D82170A2CD7682"'
      last-modified:
      - Mon, 06 Jul 2020 05:51:32 GMT
      server:
      - Windows-Azure-Blob/1.0 Microsoft-HTTPAPI/2.0
      x-ms-request-server-encrypted:
      - 'true'
      x-ms-version:
      - '2017-04-17'
    status:
      code: 201
      message: Created
- request:
    body: null
    headers:
      Connection:
      - keep-alive
      User-Agent:
      - Azure-Storage/0.37.1-0.37.1 (Python CPython 3.7.6; Windows 10) AZURECLI/2.8.10
      x-ms-date:
      - Mon, 06 Jul 2020 05:51:32 GMT
      x-ms-version:
      - '2017-04-17'
    method: HEAD
    uri: https://clitest000002.blob.core.windows.net/cont000004/blob000003
  response:
    body:
      string: ''
    headers:
      accept-ranges:
      - bytes
      content-length:
      - '4194304'
      content-md5:
      - tc+p1sj+vWGPkawoQ9UKHA==
      content-type:
      - application/octet-stream
      date:
      - Mon, 06 Jul 2020 05:51:34 GMT
      etag:
      - '"0x8D82170A2CD7682"'
      last-modified:
      - Mon, 06 Jul 2020 05:51:32 GMT
      server:
      - Windows-Azure-Blob/1.0 Microsoft-HTTPAPI/2.0
      x-ms-blob-type:
      - BlockBlob
      x-ms-lease-state:
      - available
      x-ms-lease-status:
      - unlocked
      x-ms-server-encrypted:
      - 'true'
      x-ms-version:
      - '2017-04-17'
    status:
      code: 200
      message: OK
- request:
    body: null
    headers:
      Connection:
      - keep-alive
      User-Agent:
      - Azure-Storage/0.37.1-0.37.1 (Python CPython 3.7.6; Windows 10) AZURECLI/2.8.10
      x-ms-date:
      - Mon, 06 Jul 2020 05:51:35 GMT
      x-ms-version:
      - '2017-04-17'
    method: GET
    uri: https://clitest000002.blob.core.windows.net/cont000004?restype=container&comp=list&maxresults=1
  response:
    body:
      string: "\uFEFF<?xml version=\"1.0\" encoding=\"utf-8\"?><EnumerationResults
        ServiceEndpoint=\"https://clitest000002.blob.core.windows.net/\" ContainerName=\"cont000004\"><MaxResults>1</MaxResults><Blobs><Blob><Name>blob000003</Name><Properties><Last-Modified>Mon,
        06 Jul 2020 05:51:32 GMT</Last-Modified><Etag>0x8D82170A2CD7682</Etag><Content-Length>4194304</Content-Length><Content-Type>application/octet-stream</Content-Type><Content-Encoding
        /><Content-Language /><Content-MD5>tc+p1sj+vWGPkawoQ9UKHA==</Content-MD5><Cache-Control
        /><Content-Disposition /><BlobType>BlockBlob</BlobType><LeaseStatus>unlocked</LeaseStatus><LeaseState>available</LeaseState><ServerEncrypted>true</ServerEncrypted></Properties></Blob></Blobs><NextMarker
        /></EnumerationResults>"
    headers:
      content-type:
      - application/xml
      date:
      - Mon, 06 Jul 2020 05:51:37 GMT
      server:
      - Windows-Azure-Blob/1.0 Microsoft-HTTPAPI/2.0
      transfer-encoding:
      - chunked
      x-ms-version:
      - '2017-04-17'
    status:
      code: 200
      message: OK
- request:
    body: null
    headers:
      Connection:
      - keep-alive
      User-Agent:
      - Azure-Storage/0.37.1-0.37.1 (Python CPython 3.7.6; Windows 10) AZURECLI/2.8.10
      x-ms-date:
      - Mon, 06 Jul 2020 05:51:37 GMT
      x-ms-version:
      - '2017-04-17'
    method: HEAD
    uri: https://clitest000002.blob.core.windows.net/cont000004/blob000003
  response:
    body:
      string: ''
    headers:
      accept-ranges:
      - bytes
      content-length:
      - '4194304'
      content-md5:
      - tc+p1sj+vWGPkawoQ9UKHA==
      content-type:
      - application/octet-stream
      date:
      - Mon, 06 Jul 2020 05:51:39 GMT
      etag:
      - '"0x8D82170A2CD7682"'
      last-modified:
      - Mon, 06 Jul 2020 05:51:32 GMT
      server:
      - Windows-Azure-Blob/1.0 Microsoft-HTTPAPI/2.0
      x-ms-blob-type:
      - BlockBlob
      x-ms-lease-state:
      - available
      x-ms-lease-status:
      - unlocked
      x-ms-server-encrypted:
      - 'true'
      x-ms-version:
      - '2017-04-17'
    status:
      code: 200
      message: OK
- request:
    body: null
    headers:
      Connection:
      - keep-alive
      User-Agent:
      - Azure-Storage/0.37.1-0.37.1 (Python CPython 3.7.6; Windows 10) AZURECLI/2.8.10
      x-ms-date:
      - Mon, 06 Jul 2020 05:51:40 GMT
      x-ms-version:
      - '2017-04-17'
    method: HEAD
    uri: https://clitest000002.blob.core.windows.net/cont000004/blob000003
  response:
    body:
      string: ''
    headers:
      accept-ranges:
      - bytes
      content-length:
      - '4194304'
      content-md5:
      - tc+p1sj+vWGPkawoQ9UKHA==
      content-type:
      - application/octet-stream
      date:
      - Mon, 06 Jul 2020 05:51:41 GMT
      etag:
      - '"0x8D82170A2CD7682"'
      last-modified:
      - Mon, 06 Jul 2020 05:51:32 GMT
      server:
      - Windows-Azure-Blob/1.0 Microsoft-HTTPAPI/2.0
      x-ms-blob-type:
      - BlockBlob
      x-ms-lease-state:
      - available
      x-ms-lease-status:
      - unlocked
      x-ms-server-encrypted:
      - 'true'
      x-ms-version:
      - '2017-04-17'
    status:
      code: 200
      message: OK
- request:
    body: null
    headers:
      Connection:
      - keep-alive
      Content-Length:
      - '0'
      User-Agent:
      - Azure-Storage/0.37.1-0.37.1 (Python CPython 3.7.6; Windows 10) AZURECLI/2.8.10
      x-ms-blob-content-md5:
      - tc+p1sj+vWGPkawoQ9UKHA==
      x-ms-blob-content-type:
      - application/test-content
      x-ms-date:
      - Mon, 06 Jul 2020 05:51:42 GMT
      x-ms-version:
      - '2017-04-17'
    method: PUT
    uri: https://clitest000002.blob.core.windows.net/cont000004/blob000003?comp=properties
  response:
    body:
      string: ''
    headers:
      content-length:
      - '0'
      date:
      - Mon, 06 Jul 2020 05:51:43 GMT
      etag:
      - '"0x8D82170A9A91D11"'
      last-modified:
      - Mon, 06 Jul 2020 05:51:43 GMT
      server:
      - Windows-Azure-Blob/1.0 Microsoft-HTTPAPI/2.0
      x-ms-version:
      - '2017-04-17'
    status:
      code: 200
      message: OK
- request:
    body: null
    headers:
      Connection:
      - keep-alive
      User-Agent:
      - Azure-Storage/0.37.1-0.37.1 (Python CPython 3.7.6; Windows 10) AZURECLI/2.8.10
      x-ms-date:
      - Mon, 06 Jul 2020 05:51:44 GMT
      x-ms-version:
      - '2017-04-17'
    method: HEAD
    uri: https://clitest000002.blob.core.windows.net/cont000004/blob000003
  response:
    body:
      string: ''
    headers:
      accept-ranges:
      - bytes
      content-length:
      - '4194304'
      content-md5:
      - tc+p1sj+vWGPkawoQ9UKHA==
      content-type:
      - application/test-content
      date:
      - Mon, 06 Jul 2020 05:51:45 GMT
      etag:
      - '"0x8D82170A9A91D11"'
      last-modified:
      - Mon, 06 Jul 2020 05:51:43 GMT
      server:
      - Windows-Azure-Blob/1.0 Microsoft-HTTPAPI/2.0
      x-ms-blob-type:
      - BlockBlob
      x-ms-lease-state:
      - available
      x-ms-lease-status:
      - unlocked
      x-ms-server-encrypted:
      - 'true'
      x-ms-version:
      - '2017-04-17'
    status:
      code: 200
      message: OK
- request:
    body: null
    headers:
      Connection:
      - keep-alive
      User-Agent:
      - Azure-Storage/0.37.1-0.37.1 (Python CPython 3.7.6; Windows 10) AZURECLI/2.8.10
      x-ms-date:
      - Mon, 06 Jul 2020 05:51:46 GMT
      x-ms-version:
      - '2017-04-17'
    method: GET
    uri: https://clitest000002.blob.core.windows.net/?restype=service&comp=properties
  response:
    body:
      string: "\uFEFF<?xml version=\"1.0\" encoding=\"utf-8\"?><StorageServiceProperties><Logging><Version>1.0</Version><Read>false</Read><Write>false</Write><Delete>false</Delete><RetentionPolicy><Enabled>false</Enabled></RetentionPolicy></Logging><HourMetrics><Version>1.0</Version><Enabled>true</Enabled><IncludeAPIs>true</IncludeAPIs><RetentionPolicy><Enabled>true</Enabled><Days>7</Days></RetentionPolicy></HourMetrics><MinuteMetrics><Version>1.0</Version><Enabled>false</Enabled><RetentionPolicy><Enabled>false</Enabled></RetentionPolicy></MinuteMetrics><Cors
        /></StorageServiceProperties>"
    headers:
      content-type:
      - application/xml
      date:
      - Mon, 06 Jul 2020 05:51:48 GMT
      server:
      - Windows-Azure-Blob/1.0 Microsoft-HTTPAPI/2.0
      transfer-encoding:
      - chunked
      x-ms-version:
      - '2017-04-17'
    status:
      code: 200
      message: OK
- request:
    body: null
    headers:
      Connection:
      - keep-alive
      User-Agent:
      - Azure-Storage/0.37.1-0.37.1 (Python CPython 3.7.6; Windows 10) AZURECLI/2.8.10
      x-ms-date:
      - Mon, 06 Jul 2020 05:51:48 GMT
      x-ms-range:
      - bytes=0-33554431
      x-ms-version:
      - '2017-04-17'
    method: GET
    uri: https://clitest000002.blob.core.windows.net/cont000004/blob000003
  response:
    body:
      string: '!!! The response body has been omitted from the recording because it
        is larger than 128 KB. It will be replaced with blank content of 4194304 bytes
        while replay. <CTRL-REPLACE>4194304'
    headers:
      accept-ranges:
      - bytes
      content-length:
      - '4194304'
      content-range:
      - bytes 0-4194303/4194304
      content-type:
      - application/test-content
      date:
      - Mon, 06 Jul 2020 05:51:50 GMT
      etag:
      - '"0x8D82170A9A91D11"'
      last-modified:
      - Mon, 06 Jul 2020 05:51:43 GMT
      server:
      - Windows-Azure-Blob/1.0 Microsoft-HTTPAPI/2.0
      x-ms-blob-content-md5:
      - tc+p1sj+vWGPkawoQ9UKHA==
      x-ms-blob-type:
      - BlockBlob
      x-ms-lease-state:
      - available
      x-ms-lease-status:
      - unlocked
      x-ms-server-encrypted:
      - 'true'
      x-ms-version:
      - '2017-04-17'
    status:
      code: 206
      message: Partial Content
- request:
    body: null
    headers:
      Connection:
      - keep-alive
      User-Agent:
      - Azure-Storage/0.37.1-0.37.1 (Python CPython 3.7.6; Windows 10) AZURECLI/2.8.10
      x-ms-date:
      - Mon, 06 Jul 2020 05:51:54 GMT
      x-ms-range:
      - bytes=10-499
      x-ms-version:
      - '2017-04-17'
    method: GET
    uri: https://clitest000002.blob.core.windows.net/cont000004/blob000003
  response:
    body:
      string: "\0\0\0\0\0\0\0\0\0\0\0\0\0\0\0\0\0\0\0\0\0\0\0\0\0\0\0\0\0\0\0\0\0\0\0\0\0\0\0\0\0\0\0\0\0\0\0\0\0\0\0\0\0\0\0\0\0\0\0\0\0\0\0\0\0\0\0\0\0\0\0\0\0\0\0\0\0\0\0\0\0\0\0\0\0\0\0\0\0\0\0\0\0\0\0\0\0\0\0\0\0\0\0\0\0\0\0\0\0\0\0\0\0\0\0\0\0\0\0\0\0\0\0\0\0\0\0\0\0\0\0\0\0\0\0\0\0\0\0\0\0\0\0\0\0\0\0\0\0\0\0\0\0\0\0\0\0\0\0\0\0\0\0\0\0\0\0\0\0\0\0\0\0\0\0\0\0\0\0\0\0\0\0\0\0\0\0\0\0\0\0\0\0\0\0\0\0\0\0\0\0\0\0\0\0\0\0\0\0\0\0\0\0\0\0\0\0\0\0\0\0\0\0\0\0\0\0\0\0\0\0\0\0\0\0\0\0\0\0\0\0\0\0\0\0\0\0\0\0\0\0\0\0\0\0\0\0\0\0\0\0\0\0\0\0\0\0\0\0\0\0\0\0\0\0\0\0\0\0\0\0\0\0\0\0\0\0\0\0\0\0\0\0\0\0\0\0\0\0\0\0\0\0\0\0\0\0\0\0\0\0\0\0\0\0\0\0\0\0\0\0\0\0\0\0\0\0\0\0\0\0\0\0\0\0\0\0\0\0\0\0\0\0\0\0\0\0\0\0\0\0\0\0\0\0\0\0\0\0\0\0\0\0\0\0\0\0\0\0\0\0\0\0\0\0\0\0\0\0\0\0\0\0\0\0\0\0\0\0\0\0\0\0\0\0\0\0\0\0\0\0\0\0\0\0\0\0\0\0\0\0\0\0\0\0\0\0\0\0\0\0\0\0\0\0\0\0\0\0\0\0\0\0\0\0\0\0\0\0\0\0\0\0\0\0\0\0\0\0\0\0\0\0\0\0\0\0\0\0\0\0\0\0\0\0\0\0\0\0\0\0\0\0\0\0\0\0\0\0\0\0\0\0\0\0\0\0\0\0\0"
    headers:
      accept-ranges:
      - bytes
      content-length:
      - '490'
      content-range:
      - bytes 10-499/4194304
      content-type:
      - application/test-content
      date:
      - Mon, 06 Jul 2020 05:51:55 GMT
      etag:
      - '"0x8D82170A9A91D11"'
      last-modified:
      - Mon, 06 Jul 2020 05:51:43 GMT
      server:
      - Windows-Azure-Blob/1.0 Microsoft-HTTPAPI/2.0
      x-ms-blob-content-md5:
      - tc+p1sj+vWGPkawoQ9UKHA==
      x-ms-blob-type:
      - BlockBlob
      x-ms-lease-state:
      - available
      x-ms-lease-status:
      - unlocked
      x-ms-server-encrypted:
      - 'true'
      x-ms-version:
      - '2017-04-17'
    status:
      code: 206
      message: Partial Content
version: 1
